e:\git_ipu\sheet\lpheatmap\x64\release\moc_lpheatmap_global.obj
e:\git_ipu\sheet\lpheatmap\x64\release\dataprocessthread.obj
e:\git_ipu\sheet\lpheatmap\x64\release\lpheatmap.obj
e:\git_ipu\sheet\lpheatmap\x64\release\gridwidget.obj
e:\git_ipu\sheet\lpheatmap\x64\release\moc_gridwidget.obj
e:\git_ipu\sheet\lpheatmap\x64\release\moc_lpheatmap.obj
e:\git_ipu\sheet\lpheatmap\x64\release\moc_dataprocessthread.obj
e:\git_ipu\soft_dev\runner17\x64\lpheatmap.dll
e:\git_ipu\sheet\lpheatmap\generatedfiles\release\moc_dataprocessthread.cpp
e:\git_ipu\sheet\lpheatmap\generatedfiles\release\moc_gridwidget.cpp
e:\git_ipu\sheet\lpheatmap\generatedfiles\release\moc_lpheatmap.cpp
e:\git_ipu\sheet\lpheatmap\generatedfiles\release\moc_lpheatmap_global.cpp
e:\git_ipu\soft_dev\runner17\x64\lpheatmap.lib
e:\git_ipu\soft_dev\runner17\x64\lpheatmap.exp
e:\git_ipu\sheet\lpheatmap\.\generatedfiles\release\moc_dataprocessthread.cpp
e:\git_ipu\sheet\lpheatmap\.\generatedfiles\release\moc_gridwidget.cpp
e:\git_ipu\sheet\lpheatmap\.\generatedfiles\release\moc_lpheatmap.cpp
e:\git_ipu\sheet\lpheatmap\.\generatedfiles\release\moc_lpheatmap_global.cpp
e:\git_ipu\soft_dev\tpvs17\..\runner17\x64\lpheatmap.dll
e:\git_ipu\sheet\lpheatmap\x64\release\lpheatmap.tlog\cl.13780.write.1.tlog
e:\git_ipu\sheet\lpheatmap\x64\release\lpheatmap.tlog\cl.command.1.tlog
e:\git_ipu\sheet\lpheatmap\x64\release\lpheatmap.tlog\cl.read.1.tlog
e:\git_ipu\sheet\lpheatmap\x64\release\lpheatmap.tlog\link.command.1.tlog
e:\git_ipu\sheet\lpheatmap\x64\release\lpheatmap.tlog\link.read.1.tlog
e:\git_ipu\sheet\lpheatmap\x64\release\lpheatmap.tlog\link.write.1.tlog
e:\git_ipu\sheet\lpheatmap\x64\release\lpheatmap.tlog\lpheatmap.write.1u.tlog
e:\git_ipu\sheet\lpheatmap\x64\release\lpheatmap.tlog\moc.read.1u.tlog
e:\git_ipu\sheet\lpheatmap\x64\release\lpheatmap.tlog\moc.write.1u.tlog
